2026-05-03 17:49:24,181 - src.auth - INFO - [auth] 正在获取登录二维码...
2026-05-03 17:49:24,181 - src.auth - INFO - 请求二维码: https://ilinkai.weixin.qq.com/ilink/bot/get_bot_qrcode?bot_type=3
2026-05-03 17:49:24,270 - src.auth - INFO - 二维码响应: {'qrcode': '0c72e3119ffe843523151134a955578b', 'qrcode_img_content': 'https://liteapp.weixin.qq.com/q/7GiQu1?qrcode=0c72e3119ffe843523151134a955578b&bot_type=3', 'ret': 0}
█▀▀▀▀▀▀▀███▀█▀█▀▀▀▀▀▀▀▀▀▀▀▀▀████▀██▀▀▀▀▀▀▀█
█ █▀▀▀█ █▀▀ █▄▀ █  ▀██ ▀█▀ ▄ ▄▄▄█ █ █▀▀▀█ █
█ █   █ █   ▄▀ ▄█▄█▀ ▀▄▀ ▀█▄▄ ▀ █ █ █   █ █
█ ▀▀▀▀▀ █ █ ▄ █▀▄▀█ █▀▄▀█▀█▀▄ █▀█ █ ▀▀▀▀▀ █
█▀█▀▀▀▀▀█▄▀██▄█  █▀█▄▀▄ █▀▀▀ ▀▀▄▀██▀▀▀▀▀███
█  ███▀▀ ███  █▄▀▀██▄▄▀ ▄█▀▄▀ █ ▄ ▀ ▀ █▄█▄█
██▄█▀ ▀▀▀▀▄██ ▄██▄▀▀  ▄▄█▀▀▀ ▀▀█  ██▄▄ ▀█ █
█ ▄ ▀ ▄▀▀ ▄▀ ▄▄▀▀▀▀▀█▀  ▀▀██ ▀▀▀▄▀▀▄▀   ▀▄█
█▀▀▄  █▀█▄█▀ ▄▀▀█▀▀ █▀▄▄ █▀▄ ▀▀ ▀ ▀▄▀▄▄▀▀██
██▀▄█ ▀▀▄█ █▀█▀ ▄██ ▄▀█ ▄▄█▄▀▀ █▄▀█ ▄ ▀▄▄▄█
██▄▀▄██▀█ █▄█▀ █ ▄█▀▄ ▀▀█ █▄  ▄▄▄█▀▄▀▄▄▀▀▄█
█ █▀███▀▄ █▄█ ▀ ▀ █▀▄▀▀█▄▀█▄▀ ▄ ▄ ▀ ▄ ▄█▄▄█
█▀▀▀▄▀▀▀  ▀▀▄█▄▄▀▀▀▀▄▄▄▀█▀▀██▄▀█▄▄ █▄▄ █▀▀█
█▄▀▄▄██▀█▄▀▀▄█▀█▄▄▀ ▄█ █▄█▀█▀ ██▄▀▀▄▄▄▄█▄▄█
█▄▀  ▀▄▀▀█▄ ▀█ ▄▄ ▀▀ ▄▄▀▄█▀  ▄▀▀  ▄█ ▄ ▀ ▄█
█ ▄▄▀  ▀█▄▀ ▀███▄█▀█▀▄ ▀█▄▀█▄▄▀▀▄▀   ▄ ▄▀▄█
█ █▀█▄▀▀ █ ▀ ▀▀▄▄▀▀▄  ▄▄█ ▀▄█ ▀▀█    ▀█▀▀██
█▀▀▀▀▀▀▀█▄▀ ▄█▄█ █ ▄▄▀ ▄▄▀  ▀▀█▀  █▀█ ▄▀▄▄█
█ █▀▀▀█ █  ▀  ██▀█▄▄█  ▄█▀▄▀ ▀█▀█ ▀▀▀ ▄▀▄ █
█ █   █ █ ▄█ ▄▀▀▄█▄▄▄▀▀▄▄█ ▀▀▀██▀█ ▀ ▀  ███
█ ▀▀▀▀▀ █▀▄▄█▄▀ █ █▄▄█▄  █▀▀ █▀▄▀██▀▀  ▀▄██
▀▀▀▀▀▀▀▀▀▀▀▀▀▀▀▀▀▀▀▀▀▀▀▀▀▀▀▀▀▀▀▀▀▀▀▀▀▀▀▀▀▀▀
2026-05-03 17:51:25,688 - src.auth - INFO - [auth] 二维码已过期，正在刷新... (1/3)
2026-05-03 17:51:25,688 - src.auth - INFO - 请求二维码: https://ilinkai.weixin.qq.com/ilink/bot/get_bot_qrcode?bot_type=3
2026-05-03 17:51:25,783 - src.auth - INFO - 二维码响应: {'qrcode': 'cd70affa3bbf0d6743cc936236ee36cc', 'qrcode_img_content': 'https://liteapp.weixin.qq.com/q/7GiQu1?qrcode=cd70affa3bbf0d6743cc936236ee36cc&bot_type=3', 'ret': 0}

如果二维码无法显示，请在浏览器打开:
https://liteapp.weixin.qq.com/q/7GiQu1?qrcode=0c72e3119ffe843523151134a955578b&bot_type=3

█▀▀▀▀▀▀▀████▀▀█▀▀▀▀▀▀▀▀█▀█▀▀████▀██▀▀▀▀▀▀▀█
█ █▀▀▀█ █▀▀ ▄▀▀ ▄▀ ▀▀▄ ▀▀▄ ▄ ▄▄▄▀ █ █▀▀▀█ █
█ █   █ █   ▄█ ▄▄ █▀▀▀▄▀▀▀█▄█ ▀ █ █ █   █ █
█ ▀▀▀▀▀ █ █ █ █▀█▀█ █▀▄▀█▀█▀▄ █▀█ █ ▀▀▀▀▀ █
█▀█▀▀▀▀▀█▄▀█ ██ █▄▀██▀▄ █▀▀▀ ▀▀▄▀██▀▀▀▀▀███
█  ▀▀█ ▀▄█▀▀   ▄▀▀█▀▄▄▀ ▄█▀▄▀ █ ▄ ▀ █▄█▄█▄█
██▄██ ▀▀ ▄▀▄█  ▀█▄▀█  ▄ █▀▀▀ ▀▀█  ██▄▄ ▀█ █
█ ▄▄  ▄▀▀▄ ▀ ▄  ▀▀▀ █▀ ▀▀▀▀█ ▀██▄▀▀▄▀   ▀▄█
█▀▀█  █▀█▄█▄  █ ██▀▀██▄  █▀▄ ▀▀ ▀ ▀▄▀▄▄▀▀██
█ █▄█▄▀▀▄█ █▄█▀▀█▀█ ▄▄█▀▄▄█▄▀▀ █▄██ ▄ ▀▀▄▄█
█▀ ▀▄▀█▀█ █▄█▀ ████▀▄ ▀▀▄ █▄▀▀▄▄▄▄▀▄▀▄▄▀▀▄█
█ ▄▀██ ▀▄ █▄ █▀ ▀▀█▀▄▀▀█▄▀█▄▀ ▄ ▄ ▀▄▄ ▄█▄▄█
█ ▄▀  ▄▀ ▄▀▀█▄▄▄▄ ▀▀▄▄▄▀█▀▀██▄▀█▄▄▄█▄▄ █▀▀█
█▄ █▄██▀██ ▀▄███▄▄▀▄▄█▄█▄█▀█▀ ██▄▀ ▄▄▄▄█▄▄█
█▄▀ ▀▀▄▀▀▄█▄▀█▄▄▄ ▀▄ ▄▄ ▄█▀  ▄▀▀  ▄█▀▄ ▀ ▄█
█ ▄▄▄  ▀ ▄▀█▀█ ▀▄█▀▄▀▄ ▀█▄▀▀▄▄▀▀▄▀   ▄ ▄▄▄█
█ █▀▄▄▀▀ █▀█ ▀█▀▄█▀▄  ▄▄█▄▀██▄▀██    ▀█▀▄▄█
█▀▀▀▀▀▀▀█▄▀ ▀▀▄▄██ ▄▄▀ ▄▄   ▀ █   █▀█ █▀▄▄█
█ █▀▀▀█ █  ▀ ███▀▄▄▄▄▀ ▄▄ ▄▀▀▀█▀█ ▀▀▀ ▄▀▄ █
█ █   █ █ ▄██▀▀▀▄▄▄▄▄█▀▄▄█ ▀▀▀██▀█ ▀ ▀  ███
█ ▀▀▀▀▀ █▀▄▄ █▀ ▀▀█▄█▄▄  █▀▀ █▀▄▀██▀▀  ▀▄██
▀▀▀▀▀▀▀▀▀▀▀▀▀▀▀▀▀▀▀▀▀▀▀▀▀▀▀▀▀▀▀▀▀▀▀▀▀▀▀▀▀▀▀
2026-05-03 17:53:26,205 - src.auth - INFO - [auth] 二维码已过期，正在刷新... (2/3)
2026-05-03 17:53:26,206 - src.auth - INFO - 请求二维码: https://ilinkai.weixin.qq.com/ilink/bot/get_bot_qrcode?bot_type=3
2026-05-03 17:53:26,297 - src.auth - INFO - 二维码响应: {'qrcode': '215dab62fb4af76bf33b3218d971c5d2', 'qrcode_img_content': 'https://liteapp.weixin.qq.com/q/7GiQu1?qrcode=215dab62fb4af76bf33b3218d971c5d2&bot_type=3', 'ret': 0}

如果二维码无法显示，请在浏览器打开:
https://liteapp.weixin.qq.com/q/7GiQu1?qrcode=cd70affa3bbf0d6743cc936236ee36cc&bot_type=3

█▀▀▀▀▀▀▀███▀█▀█▀▀▀▀█▀█▀▀▀▀▀▀███▀▀▀█▀▀▀▀▀▀▀█
█ █▀▀▀█ █▀▀ ▀█▀ ▄  ▀█▀ ▀█▀ ▄▄▄▄▄▀██ █▀▀▀█ █
█ █   █ █   ▀▀ ▄▄▄█▀▀▀▄▀ ▀█▄▄ ▀ █ █ █   █ █
█ ▀▀▀▀▀ █ █ ▄ █▀▄ █ █▀▄▀█▀█▀▄ █▀█ █ ▀▀▀▀▀ █
█▀█▀▀▀▀▀█▄▀█▀██ ▀█▀██ ▄ █▀▀▀ ▀▀▄▀██▀▀▀▀▀███
█ ▀▄▀█ ▀█▄ ▀   ▄▀▀█▀▄▄▀ ▄█▀▄▀ █ ▄     █▄█▄█
██▄█▀ ▀▀▄ ▀ █  ▄█▄▀█  ▄▄█▀▀▀ ▀▀█  ███▄ ▀█ █
█ ▄▀  ▄▀█ ▀  ▄██▀▀▀ █▀▄ ▀▀▀█ ▀▀█▄▀▀▄▀   ▄▄█
█▀▀█▀ █▀████ ▄█▀██▀ ██▄▄ █▀█ ▀▀ ▀▄▀▄▀▄▄▀ ▄█
█▄▀▄█▀█▀▄█ ▄ ▄▀▀▄ █ ▄ █ ▄ █▄▀█ █▄▄█ ▄ ▄▀▄▄█
██▄▀▄▄▀▀█ █▄ ▄ █▄▄█▀█▄▀▀█▀█▄▀▀▄▄▄▄▀▄▀▄▄▀▀▄█
█ ▀▀███▀▄ █▄ ▀▀ █ █▀▄ ▀█▄▀█▄▀ ▄ ▄ █▄▄ ▄█▄▄█
█▀ ▀   ▀ ▄▀▀▄▄▄▄▄▀▀▀█▄▄▀█▀▀██▄▀█▄▄ ▄▄▄ █▀▀█
█▄ █ ██▀ █▄█▄█▄▀▄▄▀ ▄█▄█▄█▀█▀ ██▄▀▀▄▄ ▄█▄▄█
█▄▀ ▄▀▄▀ ▀█ ▀██ ▄ ▀  ▄▄█▄█▀  ▄▀▀  ▄█ ▄ ▀ ▄█
█ ▄ ▀  ▀▀ ██▀█▄▄▄█▀█▀▄ ▄█▄██▄▄▀▀▄▀   ▄ ▄▀▄█
█ █▄▄▄▀▀█▄▀█ ██▀▄▀▀▄  ▄ █ ▀▄█▄▀▀█    ▀█▀▄▄█
█▀▀▀▀▀▀▀█▄▀  ▀▄█▀▀ ▄▄▀ █▄▀  ▀ █▀  █▀█ █▀▄▄█
█ █▀▀▀█ █  ▀▀▀██▀▀▄▄▄▀ ▄▀ ▄▀▀▀█▀█ ▀▀▀ ▀▀▄ █
█ █   █ █ ▄█▄▀▀▀▄▄▄▄▄▀▀▄▄█ ▀▀▀██ ▄ ▀ ▀  ███
█ ▀▀▀▀▀ █▀▄▄▀█▀  ▀█▄██▄  █▀▀ █▀▄▀██▀▀  ▀▄██
▀▀▀▀▀▀▀▀▀▀▀▀▀▀▀▀▀▀▀▀▀▀▀▀▀▀▀▀▀▀▀▀▀▀▀▀▀▀▀▀▀▀▀

如果二维码无法显示，请在浏览器打开:
https://liteapp.weixin.qq.com/q/7GiQu1?qrcode=215dab62fb4af76bf33b3218d971c5d2&bot_type=3

❌ 登录失败: 二维码多次过期，请重试
